node.exe : npm warn 
Unknown project 
config "public-hoist-p
attern". This will 
stop working in the 
next major version of 
npm.
At line:1 char:1
+ & "C:\Program Files\
nodejs/node.exe" 
"C:\Program 
Files\nodejs/node_mo 
...
+ ~~~~~~~~~~~~~~~~~~~~
~~~~~~~~~~~~~~~~~~~~~~
~~~~~~~~~~~~~~~~~~~~~~
~~~~~
    + CategoryInfo    
          : NotSpeci  
  fied: (npm warn U   
 nknow...version o    
f npm.:String) []    
, RemoteException
    + FullyQualifiedE 
   rrorId : NativeCo  
  mmandError
 

> gacp-platform@2.0.0 test
> npx turbo run test

npm warn Unknown env 
config "public-hoist-p
attern". This will 
stop working in the 
next major version of 
npm.
npm warn Unknown 
project config "public
-hoist-pattern". This 
will stop working in 
the next major 
version of npm.
turbo 2.6.1

โ€ข Packages in scope: @gacp/admin-portal, @gacp/certificate-portal, @gacp/config, @gacp/constants, @gacp/farmer-portal, @gacp/types, @gacp/ui, @gacp/utils, gacp-backend
โ€ข Running test in 9 packages
โ€ข Remote caching disabled
gacp-backend:test: cache miss, executing 15c0624e45eb65bc
@gacp/certificate-portal:test: cache hit, replaying logs 74d26a8efb2ba0e5
@gacp/admin-portal:test: cache miss, executing 7c83dccdfaa7e297
@gacp/certificate-portal:test: 
@gacp/certificate-portal:test: > @gacp/certificate-portal@1.0.0 test C:\Users\usEr\Documents\GitHub\Botanical-Audit-Framework\apps\certificate-portal
@gacp/certificate-portal:test: > jest
@gacp/certificate-portal:test: 
@gacp/certificate-portal:test: [baseline-browser-mapping] The data in this module is over two months old.  To ensure accurate Baseline data, please update: `npm i baseline-browser-mapping@latest -D`
@gacp/certificate-portal:test: [baseline-browser-mapping] The data in this module is over two months old.  To ensure accurate Baseline data, please update: `npm i baseline-browser-mapping@latest -D`
@gacp/certificate-portal:test: [baseline-browser-mapping] The data in this module is over two months old.  To ensure accurate Baseline data, please update: `npm i baseline-browser-mapping@latest -D`
@gacp/certificate-portal:test: [baseline-browser-mapping] The data in this module is over two months old.  To ensure accurate Baseline data, please update: `npm i baseline-browser-mapping@latest -D`
@gacp/certificate-portal:test: PASS components/layout/__tests__/DashboardLayout.test.tsx (5.708 s)
@gacp/certificate-portal:test: PASS app/verify/__tests__/page.test.tsx (6.197 s)
@gacp/certificate-portal:test: PASS app/login/__tests__/page.test.tsx (6.318 s)
@gacp/certificate-portal:test: 
@gacp/certificate-portal:test: Test Suites: 3 passed, 3 total
@gacp/certificate-portal:test: Tests:       61 passed, 61 total
@gacp/certificate-portal:test: Snapshots:   0 total
@gacp/certificate-portal:test: Time:        9.101 s
@gacp/certificate-portal:test: Ran all test suites.
@gacp/farmer-portal:test: cache hit, replaying logs 3f9e8c630e8a68f4
@gacp/farmer-portal:test: 
@gacp/farmer-portal:test: > @gacp/farmer-portal@3.0.0 test C:\Users\usEr\Documents\GitHub\Botanical-Audit-Framework\apps\farmer-portal
@gacp/farmer-portal:test: > jest
@gacp/farmer-portal:test: 
@gacp/farmer-portal:test: [baseline-browser-mapping] The data in this module is over two months old.  To ensure accurate Baseline data, please update: `npm i baseline-browser-mapping@latest -D`
@gacp/farmer-portal:test: [baseline-browser-mapping] The data in this module is over two months old.  To ensure accurate Baseline data, please update: `npm i baseline-browser-mapping@latest -D`
@gacp/farmer-portal:test: [baseline-browser-mapping] The data in this module is over two months old.  To ensure accurate Baseline data, please update: `npm i baseline-browser-mapping@latest -D`
@gacp/farmer-portal:test: [baseline-browser-mapping] The data in this module is over two months old.  To ensure accurate Baseline data, please update: `npm i baseline-browser-mapping@latest -D`
@gacp/farmer-portal:test: [baseline-browser-mapping] The data in this module is over two months old.  To ensure accurate Baseline data, please update: `npm i baseline-browser-mapping@latest -D`
@gacp/farmer-portal:test: [baseline-browser-mapping] The data in this module is over two months old.  To ensure accurate Baseline data, please update: `npm i baseline-browser-mapping@latest -D`
@gacp/farmer-portal:test: [baseline-browser-mapping] The data in this module is over two months old.  To ensure accurate Baseline data, please update: `npm i baseline-browser-mapping@latest -D`
@gacp/farmer-portal:test: [baseline-browser-mapping] The data in this module is over two months old.  To ensure accurate Baseline data, please update: `npm i baseline-browser-mapping@latest -D`
@gacp/farmer-portal:test: [baseline-browser-mapping] The data in this module is over two months old.  To ensure accurate Baseline data, please update: `npm i baseline-browser-mapping@latest -D`
@gacp/farmer-portal:test: [baseline-browser-mapping] The data in this module is over two months old.  To ensure accurate Baseline data, please update: `npm i baseline-browser-mapping@latest -D`
@gacp/farmer-portal:test: [baseline-browser-mapping] The data in this module is over two months old.  To ensure accurate Baseline data, please update: `npm i baseline-browser-mapping@latest -D`
@gacp/farmer-portal:test: [baseline-browser-mapping] The data in this module is over two months old.  To ensure accurate Baseline data, please update: `npm i baseline-browser-mapping@latest -D`
@gacp/farmer-portal:test: [baseline-browser-mapping] The data in this module is over two months old.  To ensure accurate Baseline data, please update: `npm i baseline-browser-mapping@latest -D`
@gacp/farmer-portal:test: [baseline-browser-mapping] The data in this module is over two months old.  To ensure accurate Baseline data, please update: `npm i baseline-browser-mapping@latest -D`
@gacp/farmer-portal:test: [baseline-browser-mapping] The data in this module is over two months old.  To ensure accurate Baseline data, please update: `npm i baseline-browser-mapping@latest -D`
@gacp/farmer-portal:test: [baseline-browser-mapping] The data in this module is over two months old.  To ensure accurate Baseline data, please update: `npm i baseline-browser-mapping@latest -D`
@gacp/farmer-portal:test: [baseline-browser-mapping] The data in this module is over two months old.  To ensure accurate Baseline data, please update: `npm i baseline-browser-mapping@latest -D`
@gacp/farmer-portal:test: [baseline-browser-mapping] The data in this module is over two months old.  To ensure accurate Baseline data, please update: `npm i baseline-browser-mapping@latest -D`
@gacp/farmer-portal:test: [baseline-browser-mapping] The data in this module is over two months old.  To ensure accurate Baseline data, please update: `npm i baseline-browser-mapping@latest -D`
@gacp/farmer-portal:test: [baseline-browser-mapping] The data in this module is over two months old.  To ensure accurate Baseline data, please update: `npm i baseline-browser-mapping@latest -D`
@gacp/farmer-portal:test: [baseline-browser-mapping] The data in this module is over two months old.  To ensure accurate Baseline data, please update: `npm i baseline-browser-mapping@latest -D`
@gacp/farmer-portal:test: PASS app/api/__tests__/auth.test.ts
@gacp/farmer-portal:test: PASS components/__tests__/PaymentModal.test.tsx
@gacp/farmer-portal:test: PASS app/api/__tests__/inspections.test.ts
@gacp/farmer-portal:test: PASS components/__tests__/CancellationDialog.test.tsx
@gacp/farmer-portal:test: PASS lib/__tests__/utils.format.test.ts
@gacp/farmer-portal:test: PASS lib/__tests__/reschedule.test.ts
@gacp/farmer-portal:test: PASS app/api/__tests__/users.test.ts
@gacp/farmer-portal:test: PASS components/__tests__/DemoNavigation.test.tsx
@gacp/farmer-portal:test: PASS lib/__tests__/hooks.useDemo.test.ts
@gacp/farmer-portal:test: PASS components/__tests__/RescheduleDialog.test.tsx
@gacp/farmer-portal:test: PASS components/__tests__/DemoDashboard.test.tsx
@gacp/farmer-portal:test: PASS lib/__tests__/utils.date.test.ts
@gacp/farmer-portal:test: PASS lib/__tests__/cancellation.test.ts
@gacp/farmer-portal:test: PASS lib/__tests__/revocation.test.ts
@gacp/farmer-portal:test: PASS lib/__tests__/payment.test.ts
@gacp/farmer-portal:test: PASS lib/__tests__/timeout.test.ts
@gacp/farmer-portal:test: PASS lib/__tests__/utils.validation.test.ts
@gacp/farmer-portal:test: PASS lib/__tests__/hooks.useAuth.test.ts
@gacp/farmer-portal:test: PASS app/api/__tests__/certificates.test.ts
@gacp/farmer-portal:test: PASS app/api/__tests__/applications.test.ts
@gacp/farmer-portal:test: 
@gacp/farmer-portal:test: Test Suites: 20 passed, 20 total
@gacp/farmer-portal:test: Tests:       486 passed, 486 total
@gacp/farmer-portal:test: Snapshots:   0 total
@gacp/farmer-portal:test: Time:        6.143 s
@gacp/farmer-portal:test: Ran all test suites.
gacp-backend:test: 
gacp-backend:test: > gacp-backend@2.0.0 test C:\Users\usEr\Documents\GitHub\Botanical-Audit-Framework\apps\backend
gacp-backend:test: > jest --runInBand
gacp-backend:test: 
@gacp/admin-portal:test: 
@gacp/admin-portal:test: > @gacp/admin-portal@1.0.0 test C:\Users\usEr\Documents\GitHub\Botanical-Audit-Framework\apps\admin-portal
@gacp/admin-portal:test: > jest
@gacp/admin-portal:test: 
@gacp/admin-portal:test: [baseline-browser-mapping] The data in this module is over two months old.  To ensure accurate Baseline data, please update: `npm i baseline-browser-mapping@latest -D`
gacp-backend:test: [32minfo[39m: Loaded MongoDB config from app-config.json {"service":"mongodb","timestamp":"2025-11-29T18:43:24.027Z"}
gacp-backend:test: [32minfo[39m: Overriding MongoDB URI from test environment {"service":"mongodb","timestamp":"2025-11-29T18:43:24.029Z"}
gacp-backend:test: [32minfo[39m: MongoDB manager initialized with URI: mongodb+srv://gacp-premierprime:******@thai-gacp.re1651p.mongodb.net/gacp-platform?retryWrites=true&w=majority&appName=thai-gacp {"service":"mongodb","timestamp":"2025-11-29T18:43:24.030Z"}
gacp-backend:test:   console.warn
gacp-backend:test:     [jest-setup] Optional module load skipped (./services/redis-service): not found
gacp-backend:test: 
gacp-backend:test:     [0m [90m 13 |[39m   } [36mcatch[39m (error) {
gacp-backend:test:      [90m 14 |[39m   [36mconst[39m message [33m=[39m error [33m&&[39m error[33m.[39mcode [33m===[39m [32m'MODULE_NOT_FOUND'[39m [33m?[39m [32m'not found'[39m [33m:[39m error[33m.[39mmessage[33m;[39m
gacp-backend:test:     [31m[1m>[22m[39m[90m 15 |[39m   console[33m.[39mwarn([32m`[jest-setup] Optional module load skipped (${modulePath}): ${message}`[39m)[33m;[39m
gacp-backend:test:      [90m    |[39m           [31m[1m^[22m[39m
gacp-backend:test:      [90m 16 |[39m     [36mreturn[39m [36mnull[39m[33m;[39m
gacp-backend:test:      [90m 17 |[39m   }
gacp-backend:test:      [90m 18 |[39m }[0m
gacp-backend:test: 
gacp-backend:test:       at warn (jest.setup.js:15:11)
gacp-backend:test:       at Object.safeRequire (jest.setup.js:43:22)
gacp-backend:test: 
gacp-backend:test: [32minfo[39m: MongoDB runtime configuration updated: mongodb+srv://gacp-premierprime:******@thai-gacp.re1651p.mongodb.net/gacp-platform?retryWrites=true&w=majority&appName=thai-gacp {"service":"mongodb","timestamp":"2025-11-29T18:43:24.045Z"}
@gacp/admin-portal:test: [baseline-browser-mapping] The data in this module is over two months old.  To ensure accurate Baseline data, please update: `npm i baseline-browser-mapping@latest -D`
@gacp/admin-portal:test: [baseline-browser-mapping] The data in this module is over two months old.  To ensure accurate Baseline data, please update: `npm i baseline-browser-mapping@latest -D`
@gacp/admin-portal:test: [baseline-browser-mapping] The data in this module is over two months old.  To ensure accurate Baseline data, please update: `npm i baseline-browser-mapping@latest -D`
@gacp/admin-portal:test: [baseline-browser-mapping] The data in this module is over two months old.  To ensure accurate Baseline data, please update: `npm i baseline-browser-mapping@latest -D`
@gacp/admin-portal:test: [baseline-browser-mapping] The data in this module is over two months old.  To ensure accurate Baseline data, please update: `npm i baseline-browser-mapping@latest -D`
@gacp/admin-portal:test: [baseline-browser-mapping] The data in this module is over two months old.  To ensure accurate Baseline data, please update: `npm i baseline-browser-mapping@latest -D`
@gacp/admin-portal:test: [baseline-browser-mapping] The data in this module is over two months old.  To ensure accurate Baseline data, please update: `npm i baseline-browser-mapping@latest -D`
@gacp/admin-portal:test: [baseline-browser-mapping] The data in this module is over two months old.  To ensure accurate Baseline data, please update: `npm i baseline-browser-mapping@latest -D`
@gacp/admin-portal:test: [baseline-browser-mapping] The data in this module is over two months old.  To ensure accurate Baseline data, please update: `npm i baseline-browser-mapping@latest -D`
@gacp/admin-portal:test: [baseline-browser-mapping] The data in this module is over two months old.  To ensure accurate Baseline data, please update: `npm i baseline-browser-mapping@latest -D`
@gacp/admin-portal:test: [baseline-browser-mapping] The data in this module is over two months old.  To ensure accurate Baseline data, please update: `npm i baseline-browser-mapping@latest -D`
gacp-backend:test:   console.warn
gacp-backend:test:     โ ๏ธ  FARMER_JWT_SECRET appears to be an unsafe default (short/placeholder value)
gacp-backend:test: 
gacp-backend:test:     [0m [90m 161 |[39m     [90m// เธ–เนเธฒเน€เธเนเธ unsafe default[39m
gacp-backend:test:      [90m 162 |[39m     [36mif[39m (isDevelopment) {
gacp-backend:test:     [31m[1m>[22m[39m[90m 163 |[39m       console[33m.[39mwarn(
gacp-backend:test:      [90m     |[39m               [31m[1m^[22m[39m
gacp-backend:test:      [90m 164 |[39m         [32m`โ ๏ธ  ${publicSecretSource} appears to be an unsafe default (short/placeholder value)`[39m
gacp-backend:test:      [90m 165 |[39m       )[33m;[39m
gacp-backend:test:      [90m 166 |[39m       console[33m.[39mwarn([32m'   Consider generating a secure secret even for development\n'[39m)[33m;[39m[0m
gacp-backend:test: 
gacp-backend:test:       at Object.warn [as loadJWTConfiguration] (../../config/jwt-security.js:163:15)
gacp-backend:test:       at loadJWTConfiguration (middleware/auth-middleware.js:28:28)
gacp-backend:test:       at Object.loadConfigSafely (middleware/auth-middleware.js:48:1)
gacp-backend:test:       at Object.require (modules/auth-farmer/presentation/routes/auth.routes.js:10:24)
gacp-backend:test:       at Object.require (modules/auth-farmer/container.js:37:26)
gacp-backend:test:       at Object.require (src/core/App.js:13:32)
gacp-backend:test:       at Object.require (src/core/Server.js:12:13)
gacp-backend:test:       at Object.require (atlas-server.js:11:16)
gacp-backend:test:       at Object.require (modules/auth-farmer/__tests__/e2e/auth-full.integration.test.js:34:11)
gacp-backend:test: 
gacp-backend:test:   console.warn
gacp-backend:test:        Consider generating a secure secret even for development
gacp-backend:test: 
gacp-backend:test:     [0m [90m 164 |[39m         [32m`โ ๏ธ  ${publicSecretSource} appears to be an unsafe default (short/placeholder value)`[39m
gacp-backend:test:      [90m 165 |[39m       )[33m;[39m
gacp-backend:test:     [31m[1m>[22m[39m[90m 166 |[39m       console[33m.[39mwarn([32m'   Consider generating a secure secret even for development\n'[39m)[33m;[39m
gacp-backend:test:      [90m     |[39m               [31m[1m^[22m[39m
gacp-backend:test:      [90m 167 |[39m     } [36melse[39m {
gacp-backend:test:      [90m 168 |[39m       [36mthrow[39m [36mnew[39m [33mError[39m(
gacp-backend:test:      [90m 169 |[39m         [32m`๐จ SECURITY ERROR: ${publicSecretSource} contains unsafe default value\n`[39m [33m+[39m[0m
gacp-backend:test: 
gacp-backend:test:       at Object.warn [as loadJWTConfiguration] (../../config/jwt-security.js:166:15)
gacp-backend:test:       at loadJWTConfiguration (middleware/auth-middleware.js:28:28)
gacp-backend:test:       at Object.loadConfigSafely (middleware/auth-middleware.js:48:1)
gacp-backend:test:       at Object.require (modules/auth-farmer/presentation/routes/auth.routes.js:10:24)
gacp-backend:test:       at Object.require (modules/auth-farmer/container.js:37:26)
gacp-backend:test:       at Object.require (src/core/App.js:13:32)
gacp-backend:test:       at Object.require (src/core/Server.js:12:13)
gacp-backend:test:       at Object.require (atlas-server.js:11:16)
gacp-backend:test:       at Object.require (modules/auth-farmer/__tests__/e2e/auth-full.integration.test.js:34:11)
gacp-backend:test: 
gacp-backend:test:   console.warn
gacp-backend:test:     โ ๏ธ  DTAM_JWT_SECRET appears to be an unsafe default
gacp-backend:test: 
gacp-backend:test:     [0m [90m 228 |[39m   } [36melse[39m [36mif[39m (isUnsafeDefault(dtamJwtSecret)) {
gacp-backend:test:      [90m 229 |[39m     [36mif[39m (isDevelopment) {
gacp-backend:test:     [31m[1m>[22m[39m[90m 230 |[39m       console[33m.[39mwarn([32m'โ ๏ธ  DTAM_JWT_SECRET appears to be an unsafe default'[39m)[33m;[39m
gacp-backend:test:      [90m     |[39m               [31m[1m^[22m[39m
gacp-backend:test:      [90m 231 |[39m       console[33m.[39mwarn([32m'   Consider generating a secure secret even for development\n'[39m)[33m;[39m
gacp-backend:test:      [90m 232 |[39m     } [36melse[39m {
gacp-backend:test:      [90m 233 |[39m       [36mthrow[39m [36mnew[39m [33mError[39m([0m
gacp-backend:test: 
gacp-backend:test:       at Object.warn [as loadJWTConfiguration] (../../config/jwt-security.js:230:15)
gacp-backend:test:       at loadJWTConfiguration (middleware/auth-middleware.js:28:28)
gacp-backend:test:       at Object.loadConfigSafely (middleware/auth-middleware.js:48:1)
gacp-backend:test:       at Object.require (modules/auth-farmer/presentation/routes/auth.routes.js:10:24)
gacp-backend:test:       at Object.require (modules/auth-farmer/container.js:37:26)
gacp-backend:test:       at Object.require (src/core/App.js:13:32)
gacp-backend:test:       at Object.require (src/core/Server.js:12:13)
gacp-backend:test:       at Object.require (atlas-server.js:11:16)
gacp-backend:test:       at Object.require (modules/auth-farmer/__tests__/e2e/auth-full.integration.test.js:34:11)
gacp-backend:test: 
gacp-backend:test:   console.warn
gacp-backend:test:        Consider generating a secure secret even for development
gacp-backend:test: 
gacp-backend:test:     [0m [90m 229 |[39m     [36mif[39m (isDevelopment) {
gacp-backend:test:      [90m 230 |[39m       console[33m.[39mwarn([32m'โ ๏ธ  DTAM_JWT_SECRET appears to be an unsafe default'[39m)[33m;[39m
gacp-backend:test:     [31m[1m>[22m[39m[90m 231 |[39m       console[33m.[39mwarn([32m'   Consider generating a secure secret even for development\n'[39m)[33m;[39m
gacp-backend:test:      [90m     |[39m               [31m[1m^[22m[39m
gacp-backend:test:      [90m 232 |[39m     } [36melse[39m {
gacp-backend:test:      [90m 233 |[39m       [36mthrow[39m [36mnew[39m [33mError[39m(
gacp-backend:test:      [90m 234 |[39m         [32m'๐จ SECURITY ERROR: DTAM_JWT_SECRET contains unsafe default value\n'[39m [33m+[39m[0m
gacp-backend:test: 
gacp-backend:test:       at Object.warn [as loadJWTConfiguration] (../../config/jwt-security.js:231:15)
gacp-backend:test:       at loadJWTConfiguration (middleware/auth-middleware.js:28:28)
gacp-backend:test:       at Object.loadConfigSafely (middleware/auth-middleware.js:48:1)
gacp-backend:test:       at Object.require (modules/auth-farmer/presentation/routes/auth.routes.js:10:24)
gacp-backend:test:       at Object.require (modules/auth-farmer/container.js:37:26)
gacp-backend:test:       at Object.require (src/core/App.js:13:32)
gacp-backend:test:       at Object.require (src/core/Server.js:12:13)
gacp-backend:test:       at Object.require (atlas-server.js:11:16)
gacp-backend:test:       at Object.require (modules/auth-farmer/__tests__/e2e/auth-full.integration.test.js:34:11)
gacp-backend:test: 
@gacp/admin-portal:test: PASS lib/__tests__/mock-data.test.ts
gacp-backend:test: FAIL modules/auth-farmer/__tests__/e2e/auth-full.integration.test.js
gacp-backend:test:   Auth Farmer E2E Integration Tests
gacp-backend:test:     POST /register โ’ POST /login flow
gacp-backend:test:       ร— should register new farmer and then login successfully
gacp-backend:test:       ร— should reject login with incorrect password (1 ms)
gacp-backend:test:       ร— should reject login for non-existent user
gacp-backend:test:       ร— should reject duplicate email registration
gacp-backend:test:       ร— should reject duplicate ID card registration (1 ms)
gacp-backend:test:     GET /profile (authenticated)
gacp-backend:test:       ร— should retrieve user profile with valid token (1 ms)
gacp-backend:test:       ร— should reject profile request without token
gacp-backend:test:       ร— should reject profile request with invalid token (1 ms)
gacp-backend:test:     PUT /profile (update profile)
gacp-backend:test:       ร— should update user profile with valid data
gacp-backend:test:       ร— should reject profile update without authentication
gacp-backend:test:     Password Reset Flow
gacp-backend:test:       ร— should request password reset for existing email (1 ms)
gacp-backend:test:       ร— should not reveal if email does not exist (security)
gacp-backend:test: 
gacp-backend:test:   โ— Auth Farmer E2E Integration Tests โ€บ POST /register โ’ POST /login flow โ€บ should register new farmer and then login successfully
gacp-backend:test: 
gacp-backend:test:     Jest encountered an unexpected token
gacp-backend:test: 
gacp-backend:test:     Jest failed to parse a file. This happens e.g. when your code or its dependencies use non-standard JavaScript syntax, or when Jest is not configured to support such syntax.
gacp-backend:test: 
gacp-backend:test:     Out of the box Jest supports Babel, which will be used to transform your files into valid JS based on your Babel configuration.
gacp-backend:test: 
gacp-backend:test:     By default "node_modules" folder is ignored by transformers.
gacp-backend:test: 
gacp-backend:test:     Here's what you can do:
gacp-backend:test:      โ€ข If you are trying to use ECMAScript Modules, see https://jestjs.io/docs/ecmascript-modules for how to enable it.
gacp-backend:test:      โ€ข If you are trying to use TypeScript, see https://jestjs.io/docs/getting-started#using-typescript
gacp-backend:test:      โ€ข To have some of your "node_modules" files transformed, you can specify a custom "transformIgnorePatterns" in your config.
gacp-backend:test:      โ€ข If you need a custom transformation specify a "transform" option in your config.
gacp-backend:test:      โ€ข If you simply want to mock your non-JS modules (e.g. binary assets) you can stub them out with the "moduleNameMapper" config option.
gacp-backend:test: 
gacp-backend:test:     You'll find more details and examples of these config options in the docs:
gacp-backend:test:     https://jestjs.io/docs/configuration
gacp-backend:test:     For information about custom transformations, see:
gacp-backend:test:     https://jestjs.io/docs/code-transformation
gacp-backend:test: 
gacp-backend:test:     Details:
gacp-backend:test: 
gacp-backend:test:     C:\Users\usEr\Documents\GitHub\Botanical-Audit-Framework\node_modules\.pnpm\uuid@13.0.0\node_modules\uuid\dist-node\index.js:1
gacp-backend:test:     ({"Object.<anonymous>":function(module,exports,require,__dirname,__filename,jest){export { default as MAX } from './max.js';
gacp-backend:test:                                                                                       ^^^^^^
gacp-backend:test: 
gacp-backend:test:     SyntaxError: Unexpected token 'export'
gacp-backend:test: 
gacp-backend:test:     [0m [90m 15 |[39m
gacp-backend:test:      [90m 16 |[39m [36mconst[39m { [33mEventEmitter[39m } [33m=[39m require([32m'events'[39m)[33m;[39m
gacp-backend:test:     [31m[1m>[22m[39m[90m 17 |[39m [36mconst[39m { v4[33m:[39m uuidv4 } [33m=[39m require([32m'uuid'[39m)[33m;[39m
gacp-backend:test:      [90m    |[39m                        [31m[1m^[22m[39m
gacp-backend:test:      [90m 18 |[39m
gacp-backend:test:      [90m 19 |[39m [90m// Define workflow states with Thai names for clarity[39m
gacp-backend:test:      [90m 20 |[39m [36mconst[39m [33mWORKFLOW_STATES[39m [33m=[39m {[0m
gacp-backend:test: 
gacp-backend:test:       at Runtime.createScriptFromCode (../../node_modules/jest-runtime/build/index.js:1505:14)
gacp-backend:test:       at Object.require (modules/application-workflow/domain/gacp-workflow-engine.js:17:24)
gacp-backend:test:       at Object.require (src/core/App.js:16:5)
gacp-backend:test:       at Object.require (src/core/Server.js:12:13)
gacp-backend:test:       at Object.require (atlas-server.js:11:16)
gacp-backend:test:       at Object.require (modules/auth-farmer/__tests__/e2e/auth-full.integration.test.js:34:11)
gacp-backend:test: 
gacp-backend:test:   โ— Auth Farmer E2E Integration Tests โ€บ POST /register โ’ POST /login flow โ€บ should reject login with incorrect password
gacp-backend:test: 
gacp-backend:test:     Jest encountered an unexpected token
gacp-backend:test: 
gacp-backend:test:     Jest failed to parse a file. This happens e.g. when your code or its dependencies use non-standard JavaScript syntax, or when Jest is not configured to support such syntax.
gacp-backend:test: 
gacp-backend:test:     Out of the box Jest supports Babel, which will be used to transform your files into valid JS based on your Babel configuration.
gacp-backend:test: 
gacp-backend:test:     By default "node_modules" folder is ignored by transformers.
gacp-backend:test: 
gacp-backend:test:     Here's what you can do:
gacp-backend:test:      โ€ข If you are trying to use ECMAScript Modules, see https://jestjs.io/docs/ecmascript-modules for how to enable it.
gacp-backend:test:      โ€ข If you are trying to use TypeScript, see https://jestjs.io/docs/getting-started#using-typescript
gacp-backend:test:      โ€ข To have some of your "node_modules" files transformed, you can specify a custom "transformIgnorePatterns" in your config.
gacp-backend:test:      โ€ข If you need a custom transformation specify a "transform" option in your config.
gacp-backend:test:      โ€ข If you simply want to mock your non-JS modules (e.g. binary assets) you can stub them out with the "moduleNameMapper" config option.
gacp-backend:test: 
gacp-backend:test:     You'll find more details and examples of these config options in the docs:
gacp-backend:test:     https://jestjs.io/docs/configuration
gacp-backend:test:     For information about custom transformations, see:
gacp-backend:test:     https://jestjs.io/docs/code-transformation
gacp-backend:test: 
gacp-backend:test:     Details:
gacp-backend:test: 
gacp-backend:test:     C:\Users\usEr\Documents\GitHub\Botanical-Audit-Framework\node_modules\.pnpm\uuid@13.0.0\node_modules\uuid\dist-node\index.js:1
gacp-backend:test:     ({"Object.<anonymous>":function(module,exports,require,__dirname,__filename,jest){export { default as MAX } from './max.js';
gacp-backend:test:                                                                                       ^^^^^^
gacp-backend:test: 
gacp-backend:test:     SyntaxError: Unexpected token 'export'
gacp-backend:test: 
gacp-backend:test:     [0m [90m 15 |[39m
gacp-backend:test:      [90m 16 |[39m [36mconst[39m { [33mEventEmitter[39m } [33m=[39m require([32m'events'[39m)[33m;[39m
gacp-backend:test:     [31m[1m>[22m[39m[90m 17 |[39m [36mconst[39m { v4[33m:[39m uuidv4 } [33m=[39m require([32m'uuid'[39m)[33m;[39m
gacp-backend:test:      [90m    |[39m                        [31m[1m^[22m[39m
gacp-backend:test:      [90m 18 |[39m
gacp-backend:test:      [90m 19 |[39m [90m// Define workflow states with Thai names for clarity[39m
gacp-backend:test:      [90m 20 |[39m [36mconst[39m [33mWORKFLOW_STATES[39m [33m=[39m {[0m
gacp-backend:test: 
gacp-backend:test:       at Runtime.createScriptFromCode (../../node_modules/jest-runtime/build/index.js:1505:14)
gacp-backend:test:       at Object.require (modules/application-workflow/domain/gacp-workflow-engine.js:17:24)
gacp-backend:test:       at Object.require (src/core/App.js:16:5)
gacp-backend:test:       at Object.require (src/core/Server.js:12:13)
gacp-backend:test:       at Object.require (atlas-server.js:11:16)
gacp-backend:test:       at Object.require (modules/auth-farmer/__tests__/e2e/auth-full.integration.test.js:34:11)
gacp-backend:test: 
gacp-backend:test:   โ— Auth Farmer E2E Integration Tests โ€บ POST /register โ’ POST /login flow โ€บ should reject login for non-existent user
gacp-backend:test: 
gacp-backend:test:     Jest encountered an unexpected token
gacp-backend:test: 
gacp-backend:test:     Jest failed to parse a file. This happens e.g. when your code or its dependencies use non-standard JavaScript syntax, or when Jest is not configured to support such syntax.
gacp-backend:test: 
gacp-backend:test:     Out of the box Jest supports Babel, which will be used to transform your files into valid JS based on your Babel configuration.
gacp-backend:test: 
gacp-backend:test:     By default "node_modules" folder is ignored by transformers.
gacp-backend:test: 
gacp-backend:test:     Here's what you can do:
gacp-backend:test:      โ€ข If you are trying to use ECMAScript Modules, see https://jestjs.io/docs/ecmascript-modules for how to enable it.
gacp-backend:test:      โ€ข If you are trying to use TypeScript, see https://jestjs.io/docs/getting-started#using-typescript
gacp-backend:test:      โ€ข To have some of your "node_modules" files transformed, you can specify a custom "transformIgnorePatterns" in your config.
gacp-backend:test:      โ€ข If you need a custom transformation specify a "transform" option in your config.
gacp-backend:test:      โ€ข If you simply want to mock your non-JS modules (e.g. binary assets) you can stub them out with the "moduleNameMapper" config option.
gacp-backend:test: 
gacp-backend:test:     You'll find more details and examples of these config options in the docs:
gacp-backend:test:     https://jestjs.io/docs/configuration
gacp-backend:test:     For information about custom transformations, see:
gacp-backend:test:     https://jestjs.io/docs/code-transformation
gacp-backend:test: 
gacp-backend:test:     Details:
gacp-backend:test: 
gacp-backend:test:     C:\Users\usEr\Documents\GitHub\Botanical-Audit-Framework\node_modules\.pnpm\uuid@13.0.0\node_modules\uuid\dist-node\index.js:1
gacp-backend:test:     ({"Object.<anonymous>":function(module,exports,require,__dirname,__filename,jest){export { default as MAX } from './max.js';
gacp-backend:test:                                                                                       ^^^^^^
gacp-backend:test: 
gacp-backend:test:     SyntaxError: Unexpected token 'export'
gacp-backend:test: 
gacp-backend:test:     [0m [90m 15 |[39m
gacp-backend:test:      [90m 16 |[39m [36mconst[39m { [33mEventEmitter[39m } [33m=[39m require([32m'events'[39m)[33m;[39m
gacp-backend:test:     [31m[1m>[22m[39m[90m 17 |[39m [36mconst[39m { v4[33m:[39m uuidv4 } [33m=[39m require([32m'uuid'[39m)[33m;[39m
gacp-backend:test:      [90m    |[39m                        [31m[1m^[22m[39m
gacp-backend:test:      [90m 18 |[39m
gacp-backend:test:      [90m 19 |[39m [90m// Define workflow states with Thai names for clarity[39m
gacp-backend:test:      [90m 20 |[39m [36mconst[39m [33mWORKFLOW_STATES[39m [33m=[39m {[0m
gacp-backend:test: 
gacp-backend:test:       at Runtime.createScriptFromCode (../../node_modules/jest-runtime/build/index.js:1505:14)
gacp-backend:test:       at Object.require (modules/application-workflow/domain/gacp-workflow-engine.js:17:24)
gacp-backend:test:       at Object.require (src/core/App.js:16:5)
gacp-backend:test:       at Object.require (src/core/Server.js:12:13)
gacp-backend:test:       at Object.require (atlas-server.js:11:16)
gacp-backend:test:       at Object.require (modules/auth-farmer/__tests__/e2e/auth-full.integration.test.js:34:11)
gacp-backend:test: 
gacp-backend:test:   โ— Auth Farmer E2E Integration Tests โ€บ POST /register โ’ POST /login flow โ€บ should reject duplicate email registration
gacp-backend:test: 
gacp-backend:test:     Jest encountered an unexpected token
gacp-backend:test: 
gacp-backend:test:     Jest failed to parse a file. This happens e.g. when your code or its dependencies use non-standard JavaScript syntax, or when Jest is not configured to support such syntax.
gacp-backend:test: 
gacp-backend:test:     Out of the box Jest supports Babel, which will be used to transform your files into valid JS based on your Babel configuration.
gacp-backend:test: 
gacp-backend:test:     By default "node_modules" folder is ignored by transformers.
gacp-backend:test: 
gacp-backend:test:     Here's what you can do:
gacp-backend:test:      โ€ข If you are trying to use ECMAScript Modules, see https://jestjs.io/docs/ecmascript-modules for how to enable it.
gacp-backend:test:      โ€ข If you are trying to use TypeScript, see https://jestjs.io/docs/getting-started#using-typescript
gacp-backend:test:      โ€ข To have some of your "node_modules" files transformed, you can specify a custom "transformIgnorePatterns" in your config.
gacp-backend:test:      โ€ข If you need a custom transformation specify a "transform" option in your config.
gacp-backend:test:      โ€ข If you simply want to mock your non-JS modules (e.g. binary assets) you can stub them out with the "moduleNameMapper" config option.
gacp-backend:test: 
gacp-backend:test:     You'll find more details and examples of these config options in the docs:
gacp-backend:test:     https://jestjs.io/docs/configuration
gacp-backend:test:     For information about custom transformations, see:
gacp-backend:test:     https://jestjs.io/docs/code-transformation
gacp-backend:test: 
gacp-backend:test:     Details:
gacp-backend:test: 
gacp-backend:test:     C:\Users\usEr\Documents\GitHub\Botanical-Audit-Framework\node_modules\.pnpm\uuid@13.0.0\node_modules\uuid\dist-node\index.js:1
gacp-backend:test:     ({"Object.<anonymous>":function(module,exports,require,__dirname,__filename,jest){export { default as MAX } from './max.js';
gacp-backend:test:                                                                                       ^^^^^^
gacp-backend:test: 
gacp-backend:test:     SyntaxError: Unexpected token 'export'
gacp-backend:test: 
gacp-backend:test:     [0m [90m 15 |[39m
gacp-backend:test:      [90m 16 |[39m [36mconst[39m { [33mEventEmitter[39m } [33m=[39m require([32m'events'[39m)[33m;[39m
gacp-backend:test:     [31m[1m>[22m[39m[90m 17 |[39m [36mconst[39m { v4[33m:[39m uuidv4 } [33m=[39m require([32m'uuid'[39m)[33m;[39m
gacp-backend:test:      [90m    |[39m                        [31m[1m^[22m[39m
gacp-backend:test:      [90m 18 |[39m
gacp-backend:test:      [90m 19 |[39m [90m// Define workflow states with Thai names for clarity[39m
gacp-backend:test:      [90m 20 |[39m [36mconst[39m [33mWORKFLOW_STATES[39m [33m=[39m {[0m
gacp-backend:test: 
gacp-backend:test:       at Runtime.createScriptFromCode (../../node_modules/jest-runtime/build/index.js:1505:14)
gacp-backend:test:       at Object.require (modules/application-workflow/domain/gacp-workflow-engine.js:17:24)
gacp-backend:test:       at Object.require (src/core/App.js:16:5)
gacp-backend:test:       at Object.require (src/core/Server.js:12:13)
gacp-backend:test:       at Object.require (atlas-server.js:11:16)
gacp-backend:test:       at Object.require (modules/auth-farmer/__tests__/e2e/auth-full.integration.test.js:34:11)
gacp-backend:test: 
gacp-backend:test:   โ— Auth Farmer E2E Integration Tests โ€บ POST /register โ’ POST /login flow โ€บ should reject duplicate ID card registration
gacp-backend:test: 
gacp-backend:test:     Jest encountered an unexpected token
gacp-backend:test: 
gacp-backend:test:     Jest failed to parse a file. This happens e.g. when your code or its dependencies use non-standard JavaScript syntax, or when Jest is not configured to support such syntax.
gacp-backend:test: 
gacp-backend:test:     Out of the box Jest supports Babel, which will be used to transform your files into valid JS based on your Babel configuration.
gacp-backend:test: 
gacp-backend:test:     By default "node_modules" folder is ignored by transformers.
gacp-backend:test: 
gacp-backend:test:     Here's what you can do:
gacp-backend:test:      โ€ข If you are trying to use ECMAScript Modules, see https://jestjs.io/docs/ecmascript-modules for how to enable it.
gacp-backend:test:      โ€ข If you are trying to use TypeScript, see https://jestjs.io/docs/getting-started#using-typescript
gacp-backend:test:      โ€ข To have some of your "node_modules" files transformed, you can specify a custom "transformIgnorePatterns" in your config.
gacp-backend:test:      โ€ข If you need a custom transformation specify a "transform" option in your config.
gacp-backend:test:      โ€ข If you simply want to mock your non-JS modules (e.g. binary assets) you can stub them out with the "moduleNameMapper" config option.
gacp-backend:test: 
gacp-backend:test:     You'll find more details and examples of these config options in the docs:
gacp-backend:test:     https://jestjs.io/docs/configuration
gacp-backend:test:     For information about custom transformations, see:
gacp-backend:test:     https://jestjs.io/docs/code-transformation
gacp-backend:test: 
gacp-backend:test:     Details:
gacp-backend:test: 
gacp-backend:test:     C:\Users\usEr\Documents\GitHub\Botanical-Audit-Framework\node_modules\.pnpm\uuid@13.0.0\node_modules\uuid\dist-node\index.js:1
gacp-backend:test:     ({"Object.<anonymous>":function(module,exports,require,__dirname,__filename,jest){export { default as MAX } from './max.js';
gacp-backend:test:                                                                                       ^^^^^^
gacp-backend:test: 
gacp-backend:test:     SyntaxError: Unexpected token 'export'
gacp-backend:test: 
gacp-backend:test:     [0m [90m 15 |[39m
gacp-backend:test:      [90m 16 |[39m [36mconst[39m { [33mEventEmitter[39m } [33m=[39m require([32m'events'[39m)[33m;[39m
gacp-backend:test:     [31m[1m>[22m[39m[90m 17 |[39m [36mconst[39m { v4[33m:[39m uuidv4 } [33m=[39m require([32m'uuid'[39m)[33m;[39m
gacp-backend:test:      [90m    |[39m                        [31m[1m^[22m[39m
gacp-backend:test:      [90m 18 |[39m
gacp-backend:test:      [90m 19 |[39m [90m// Define workflow states with Thai names for clarity[39m
gacp-backend:test:      [90m 20 |[39m [36mconst[39m [33mWORKFLOW_STATES[39m [33m=[39m {[0m
gacp-backend:test: 
gacp-backend:test:       at Runtime.createScriptFromCode (../../node_modules/jest-runtime/build/index.js:1505:14)
gacp-backend:test:       at Object.require (modules/application-workflow/domain/gacp-workflow-engine.js:17:24)
gacp-backend:test:       at Object.require (src/core/App.js:16:5)
gacp-backend:test:       at Object.require (src/core/Server.js:12:13)
gacp-backend:test:       at Object.require (atlas-server.js:11:16)
gacp-backend:test:       at Object.require (modules/auth-farmer/__tests__/e2e/auth-full.integration.test.js:34:11)
gacp-backend:test: 
gacp-backend:test:   โ— Auth Farmer E2E Integration Tests โ€บ GET /profile (authenticated) โ€บ should retrieve user profile with valid token
gacp-backend:test: 
gacp-backend:test:     Jest encountered an unexpected token
gacp-backend:test: 
gacp-backend:test:     Jest failed to parse a file. This happens e.g. when your code or its dependencies use non-standard JavaScript syntax, or when Jest is not configured to support such syntax.
gacp-backend:test: 
gacp-backend:test:     Out of the box Jest supports Babel, which will be used to transform your files into valid JS based on your Babel configuration.
gacp-backend:test: 
gacp-backend:test:     By default "node_modules" folder is ignored by transformers.
gacp-backend:test: 
gacp-backend:test:     Here's what you can do:
gacp-backend:test:      โ€ข If you are trying to use ECMAScript Modules, see https://jestjs.io/docs/ecmascript-modules for how to enable it.
gacp-backend:test:      โ€ข If you are trying to use TypeScript, see https://jestjs.io/docs/getting-started#using-typescript
gacp-backend:test:      โ€ข To have some of your "node_modules" files transformed, you can specify a custom "transformIgnorePatterns" in your config.
gacp-backend:test:      โ€ข If you need a custom transformation specify a "transform" option in your config.
gacp-backend:test:      โ€ข If you simply want to mock your non-JS modules (e.g. binary assets) you can stub them out with the "moduleNameMapper" config option.
gacp-backend:test: 
gacp-backend:test:     You'll find more details and examples of these config options in the docs:
gacp-backend:test:     https://jestjs.io/docs/configuration
gacp-backend:test:     For information about custom transformations, see:
gacp-backend:test:     https://jestjs.io/docs/code-transformation
gacp-backend:test: 
gacp-backend:test:     Details:
gacp-backend:test: 
gacp-backend:test:     C:\Users\usEr\Documents\GitHub\Botanical-Audit-Framework\node_modules\.pnpm\uuid@13.0.0\node_modules\uuid\dist-node\index.js:1
gacp-backend:test:     ({"Object.<anonymous>":function(module,exports,require,__dirname,__filename,jest){export { default as MAX } from './max.js';
gacp-backend:test:                                                                                       ^^^^^^
gacp-backend:test: 
gacp-backend:test:     SyntaxError: Unexpected token 'export'
gacp-backend:test: 
gacp-backend:test:     [0m [90m 15 |[39m
gacp-backend:test:      [90m 16 |[39m [36mconst[39m { [33mEventEmitter[39m } [33m=[39m require([32m'events'[39m)[33m;[39m
gacp-backend:test:     [31m[1m>[22m[39m[90m 17 |[39m [36mconst[39m { v4[33m:[39m uuidv4 } [33m=[39m require([32m'uuid'[39m)[33m;[39m
gacp-backend:test:      [90m    |[39m                        [31m[1m^[22m[39m
gacp-backend:test:      [90m 18 |[39m
gacp-backend:test:      [90m 19 |[39m [90m// Define workflow states with Thai names for clarity[39m
gacp-backend:test:      [90m 20 |[39m [36mconst[39m [33mWORKFLOW_STATES[39m [33m=[39m {[0m
gacp-backend:test: 
gacp-backend:test:       at Runtime.createScriptFromCode (../../node_modules/jest-runtime/build/index.js:1505:14)
gacp-backend:test:       at Object.require (modules/application-workflow/domain/gacp-workflow-engine.js:17:24)
gacp-backend:test:       at Object.require (src/core/App.js:16:5)
gacp-backend:test:       at Object.require (src/core/Server.js:12:13)
gacp-backend:test:       at Object.require (atlas-server.js:11:16)
gacp-backend:test:       at Object.require (modules/auth-farmer/__tests__/e2e/auth-full.integration.test.js:34:11)
gacp-backend:test: 
gacp-backend:test:   โ— Auth Farmer E2E Integration Tests โ€บ GET /profile (authenticated) โ€บ should reject profile request without token
gacp-backend:test: 
gacp-backend:test:     Jest encountered an unexpected token
gacp-backend:test: 
gacp-backend:test:     Jest failed to parse a file. This happens e.g. when your code or its dependencies use non-standard JavaScript syntax, or when Jest is not configured to support such syntax.
gacp-backend:test: 
gacp-backend:test:     Out of the box Jest supports Babel, which will be used to transform your files into valid JS based on your Babel configuration.
gacp-backend:test: 
gacp-backend:test:     By default "node_modules" folder is ignored by transformers.
gacp-backend:test: 
gacp-backend:test:     Here's what you can do:
gacp-backend:test:      โ€ข If you are trying to use ECMAScript Modules, see https://jestjs.io/docs/ecmascript-modules for how to enable it.
gacp-backend:test:      โ€ข If you are trying to use TypeScript, see https://jestjs.io/docs/getting-started#using-typescript
gacp-backend:test:      โ€ข To have some of your "node_modules" files transformed, you can specify a custom "transformIgnorePatterns" in your config.
gacp-backend:test:      โ€ข If you need a custom transformation specify a "transform" option in your config.
gacp-backend:test:      โ€ข If you simply want to mock your non-JS modules (e.g. binary assets) you can stub them out with the "moduleNameMapper" config option.
gacp-backend:test: 
gacp-backend:test:     You'll find more details and examples of these config options in the docs:
gacp-backend:test:     https://jestjs.io/docs/configuration
gacp-backend:test:     For information about custom transformations, see:
gacp-backend:test:     https://jestjs.io/docs/code-transformation
gacp-backend:test: 
gacp-backend:test:     Details:
gacp-backend:test: 
gacp-backend:test:     C:\Users\usEr\Documents\GitHub\Botanical-Audit-Framework\node_modules\.pnpm\uuid@13.0.0\node_modules\uuid\dist-node\index.js:1
gacp-backend:test:     ({"Object.<anonymous>":function(module,exports,require,__dirname,__filename,jest){export { default as MAX } from './max.js';
gacp-backend:test:                                                                                       ^^^^^^
gacp-backend:test: 
gacp-backend:test:     SyntaxError: Unexpected token 'export'
gacp-backend:test: 
gacp-backend:test:     [0m [90m 15 |[39m
gacp-backend:test:      [90m 16 |[39m [36mconst[39m { [33mEventEmitter[39m } [33m=[39m require([32m'events'[39m)[33m;[39m
gacp-backend:test:     [31m[1m>[22m[39m[90m 17 |[39m [36mconst[39m { v4[33m:[39m uuidv4 } [33m=[39m require([32m'uuid'[39m)[33m;[39m
gacp-backend:test:      [90m    |[39m                        [31m[1m^[22m[39m
gacp-backend:test:      [90m 18 |[39m
gacp-backend:test:      [90m 19 |[39m [90m// Define workflow states with Thai names for clarity[39m
gacp-backend:test:      [90m 20 |[39m [36mconst[39m [33mWORKFLOW_STATES[39m [33m=[39m {[0m
gacp-backend:test: 
gacp-backend:test:       at Runtime.createScriptFromCode (../../node_modules/jest-runtime/build/index.js:1505:14)
gacp-backend:test:       at Object.require (modules/application-workflow/domain/gacp-workflow-engine.js:17:24)
gacp-backend:test:       at Object.require (src/core/App.js:16:5)
gacp-backend:test:       at Object.require (src/core/Server.js:12:13)
gacp-backend:test:       at Object.require (atlas-server.js:11:16)
gacp-backend:test:       at Object.require (modules/auth-farmer/__tests__/e2e/auth-full.integration.test.js:34:11)
gacp-backend:test: 
gacp-backend:test:   โ— Auth Farmer E2E Integration Tests โ€บ GET /profile (authenticated) โ€บ should reject profile request with invalid token
gacp-backend:test: 
gacp-backend:test:     Jest encountered an unexpected token
gacp-backend:test: 
gacp-backend:test:     Jest failed to parse a file. This happens e.g. when your code or its dependencies use non-standard JavaScript syntax, or when Jest is not configured to support such syntax.
gacp-backend:test: 
gacp-backend:test:     Out of the box Jest supports Babel, which will be used to transform your files into valid JS based on your Babel configuration.
gacp-backend:test: 
gacp-backend:test:     By default "node_modules" folder is ignored by transformers.
gacp-backend:test: 
gacp-backend:test:     Here's what you can do:
gacp-backend:test:      โ€ข If you are trying to use ECMAScript Modules, see https://jestjs.io/docs/ecmascript-modules for how to enable it.
gacp-backend:test:      โ€ข If you are trying to use TypeScript, see https://jestjs.io/docs/getting-started#using-typescript
gacp-backend:test:      โ€ข To have some of your "node_modules" files transformed, you can specify a custom "transformIgnorePatterns" in your config.
gacp-backend:test:      โ€ข If you need a custom transformation specify a "transform" option in your config.
gacp-backend:test:      โ€ข If you simply want to mock your non-JS modules (e.g. binary assets) you can stub them out with the "moduleNameMapper" config option.
gacp-backend:test: 
gacp-backend:test:     You'll find more details and examples of these config options in the docs:
gacp-backend:test:     https://jestjs.io/docs/configuration
gacp-backend:test:     For information about custom transformations, see:
gacp-backend:test:     https://jestjs.io/docs/code-transformation
gacp-backend:test: 
gacp-backend:test:     Details:
gacp-backend:test: 
gacp-backend:test:     C:\Users\usEr\Documents\GitHub\Botanical-Audit-Framework\node_modules\.pnpm\uuid@13.0.0\node_modules\uuid\dist-node\index.js:1
gacp-backend:test:     ({"Object.<anonymous>":function(module,exports,require,__dirname,__filename,jest){export { default as MAX } from './max.js';
gacp-backend:test:                                                                                       ^^^^^^
gacp-backend:test: 
gacp-backend:test:     SyntaxError: Unexpected token 'export'
gacp-backend:test: 
gacp-backend:test:     [0m [90m 15 |[39m
gacp-backend:test:      [90m 16 |[39m [36mconst[39m { [33mEventEmitter[39m } [33m=[39m require([32m'events'[39m)[33m;[39m
gacp-backend:test:     [31m[1m>[22m[39m[90m 17 |[39m [36mconst[39m { v4[33m:[39m uuidv4 } [33m=[39m require([32m'uuid'[39m)[33m;[39m
gacp-backend:test:      [90m    |[39m                        [31m[1m^[22m[39m
gacp-backend:test:      [90m 18 |[39m
gacp-backend:test:      [90m 19 |[39m [90m// Define workflow states with Thai names for clarity[39m
gacp-backend:test:      [90m 20 |[39m [36mconst[39m [33mWORKFLOW_STATES[39m [33m=[39m {[0m
gacp-backend:test: 
gacp-backend:test:       at Runtime.createScriptFromCode (../../node_modules/jest-runtime/build/index.js:1505:14)
gacp-backend:test:       at Object.require (modules/application-workflow/domain/gacp-workflow-engine.js:17:24)
gacp-backend:test:       at Object.require (src/core/App.js:16:5)
gacp-backend:test:       at Object.require (src/core/Server.js:12:13)
gacp-backend:test:       at Object.require (atlas-server.js:11:16)
gacp-backend:test:       at Object.require (modules/auth-farmer/__tests__/e2e/auth-full.integration.test.js:34:11)
gacp-backend:test: 
gacp-backend:test:   โ— Auth Farmer E2E Integration Tests โ€บ PUT /profile (update profile) โ€บ should update user profile with valid data
gacp-backend:test: 
gacp-backend:test:     Jest encountered an unexpected token
gacp-backend:test: 
gacp-backend:test:     Jest failed to parse a file. This happens e.g. when your code or its dependencies use non-standard JavaScript syntax, or when Jest is not configured to support such syntax.
gacp-backend:test: 
gacp-backend:test:     Out of the box Jest supports Babel, which will be used to transform your files into valid JS based on your Babel configuration.
gacp-backend:test: 
gacp-backend:test:     By default "node_modules" folder is ignored by transformers.
gacp-backend:test: 
gacp-backend:test:     Here's what you can do:
gacp-backend:test:      โ€ข If you are trying to use ECMAScript Modules, see https://jestjs.io/docs/ecmascript-modules for how to enable it.
gacp-backend:test:      โ€ข If you are trying to use TypeScript, see https://jestjs.io/docs/getting-started#using-typescript
gacp-backend:test:      โ€ข To have some of your "node_modules" files transformed, you can specify a custom "transformIgnorePatterns" in your config.
gacp-backend:test:      โ€ข If you need a custom transformation specify a "transform" option in your config.
gacp-backend:test:      โ€ข If you simply want to mock your non-JS modules (e.g. binary assets) you can stub them out with the "moduleNameMapper" config option.
gacp-backend:test: 
gacp-backend:test:     You'll find more details and examples of these config options in the docs:
gacp-backend:test:     https://jestjs.io/docs/configuration
gacp-backend:test:     For information about custom transformations, see:
gacp-backend:test:     https://jestjs.io/docs/code-transformation
gacp-backend:test: 
gacp-backend:test:     Details:
gacp-backend:test: 
gacp-backend:test:     C:\Users\usEr\Documents\GitHub\Botanical-Audit-Framework\node_modules\.pnpm\uuid@13.0.0\node_modules\uuid\dist-node\index.js:1
gacp-backend:test:     ({"Object.<anonymous>":function(module,exports,require,__dirname,__filename,jest){export { default as MAX } from './max.js';
gacp-backend:test:                                                                                       ^^^^^^
gacp-backend:test: 
gacp-backend:test:     SyntaxError: Unexpected token 'export'
gacp-backend:test: 
gacp-backend:test:     [0m [90m 15 |[39m
gacp-backend:test:      [90m 16 |[39m [36mconst[39m { [33mEventEmitter[39m } [33m=[39m require([32m'events'[39m)[33m;[39m
gacp-backend:test:     [31m[1m>[22m[39m[90m 17 |[39m [36mconst[39m { v4[33m:[39m uuidv4 } [33m=[39m require([32m'uuid'[39m)[33m;[39m
gacp-backend:test:      [90m    |[39m                        [31m[1m^[22m[39m
gacp-backend:test:      [90m 18 |[39m
gacp-backend:test:      [90m 19 |[39m [90m// Define workflow states with Thai names for clarity[39m
gacp-backend:test:      [90m 20 |[39m [36mconst[39m [33mWORKFLOW_STATES[39m [33m=[39m {[0m
gacp-backend:test: 
gacp-backend:test:       at Runtime.createScriptFromCode (../../node_modules/jest-runtime/build/index.js:1505:14)
gacp-backend:test:       at Object.require (modules/application-workflow/domain/gacp-workflow-engine.js:17:24)
gacp-backend:test:       at Object.require (src/core/App.js:16:5)
gacp-backend:test:       at Object.require (src/core/Server.js:12:13)
gacp-backend:test:       at Object.require (atlas-server.js:11:16)
gacp-backend:test:       at Object.require (modules/auth-farmer/__tests__/e2e/auth-full.integration.test.js:34:11)
gacp-backend:test: 
gacp-backend:test:   โ— Auth Farmer E2E Integration Tests โ€บ PUT /profile (update profile) โ€บ should reject profile update without authentication
gacp-backend:test: 
gacp-backend:test:     Jest encountered an unexpected token
gacp-backend:test: 
gacp-backend:test:     Jest failed to parse a file. This happens e.g. when your code or its dependencies use non-standard JavaScript syntax, or when Jest is not configured to support such syntax.
gacp-backend:test: 
gacp-backend:test:     Out of the box Jest supports Babel, which will be used to transform your files into valid JS based on your Babel configuration.
gacp-backend:test: 
gacp-backend:test:     By default "node_modules" folder is ignored by transformers.
gacp-backend:test: 
gacp-backend:test:     Here's what you can do:
gacp-backend:test:      โ€ข If you are trying to use ECMAScript Modules, see https://jestjs.io/docs/ecmascript-modules for how to enable it.
gacp-backend:test:      โ€ข If you are trying to use TypeScript, see https://jestjs.io/docs/getting-started#using-typescript
gacp-backend:test:      โ€ข To have some of your "node_modules" files transformed, you can specify a custom "transformIgnorePatterns" in your config.
gacp-backend:test:      โ€ข If you need a custom transformation specify a "transform" option in your config.
gacp-backend:test:      โ€ข If you simply want to mock your non-JS modules (e.g. binary assets) you can stub them out with the "moduleNameMapper" config option.
gacp-backend:test: 
gacp-backend:test:     You'll find more details and examples of these config options in the docs:
gacp-backend:test:     https://jestjs.io/docs/configuration
gacp-backend:test:     For information about custom transformations, see:
gacp-backend:test:     https://jestjs.io/docs/code-transformation
gacp-backend:test: 
gacp-backend:test:     Details:
gacp-backend:test: 
gacp-backend:test:     C:\Users\usEr\Documents\GitHub\Botanical-Audit-Framework\node_modules\.pnpm\uuid@13.0.0\node_modules\uuid\dist-node\index.js:1
gacp-backend:test:     ({"Object.<anonymous>":function(module,exports,require,__dirname,__filename,jest){export { default as MAX } from './max.js';
gacp-backend:test:                                                                                       ^^^^^^
gacp-backend:test: 
gacp-backend:test:     SyntaxError: Unexpected token 'export'
gacp-backend:test: 
gacp-backend:test:     [0m [90m 15 |[39m
gacp-backend:test:      [90m 16 |[39m [36mconst[39m { [33mEventEmitter[39m } [33m=[39m require([32m'events'[39m)[33m;[39m
gacp-backend:test:     [31m[1m>[22m[39m[90m 17 |[39m [36mconst[39m { v4[33m:[39m uuidv4 } [33m=[39m require([32m'uuid'[39m)[33m;[39m
gacp-backend:test:      [90m    |[39m                        [31m[1m^[22m[39m
gacp-backend:test:      [90m 18 |[39m
gacp-backend:test:      [90m 19 |[39m [90m// Define workflow states with Thai names for clarity[39m
gacp-backend:test:      [90m 20 |[39m [36mconst[39m [33mWORKFLOW_STATES[39m [33m=[39m {[0m
gacp-backend:test: 
gacp-backend:test:       at Runtime.createScriptFromCode (../../node_modules/jest-runtime/build/index.js:1505:14)
gacp-backend:test:       at Object.require (modules/application-workflow/domain/gacp-workflow-engine.js:17:24)
gacp-backend:test:       at Object.require (src/core/App.js:16:5)
gacp-backend:test:       at Object.require (src/core/Server.js:12:13)
gacp-backend:test:       at Object.require (atlas-server.js:11:16)
gacp-backend:test:       at Object.require (modules/auth-farmer/__tests__/e2e/auth-full.integration.test.js:34:11)
gacp-backend:test: 
gacp-backend:test:   โ— Auth Farmer E2E Integration Tests โ€บ Password Reset Flow โ€บ should request password reset for existing email
gacp-backend:test: 
gacp-backend:test:     Jest encountered an unexpected token
gacp-backend:test: 
gacp-backend:test:     Jest failed to parse a file. This happens e.g. when your code or its dependencies use non-standard JavaScript syntax, or when Jest is not configured to support such syntax.
gacp-backend:test: 
gacp-backend:test:     Out of the box Jest supports Babel, which will be used to transform your files into valid JS based on your Babel configuration.
gacp-backend:test: 
gacp-backend:test:     By default "node_modules" folder is ignored by transformers.
gacp-backend:test: 
gacp-backend:test:     Here's what you can do:
gacp-backend:test:      โ€ข If you are trying to use ECMAScript Modules, see https://jestjs.io/docs/ecmascript-modules for how to enable it.
gacp-backend:test:      โ€ข If you are trying to use TypeScript, see https://jestjs.io/docs/getting-started#using-typescript
gacp-backend:test:      โ€ข To have some of your "node_modules" files transformed, you can specify a custom "transformIgnorePatterns" in your config.
gacp-backend:test:      โ€ข If you need a custom transformation specify a "transform" option in your config.
gacp-backend:test:      โ€ข If you simply want to mock your non-JS modules (e.g. binary assets) you can stub them out with the "moduleNameMapper" config option.
gacp-backend:test: 
gacp-backend:test:     You'll find more details and examples of these config options in the docs:
gacp-backend:test:     https://jestjs.io/docs/configuration
gacp-backend:test:     For information about custom transformations, see:
gacp-backend:test:     https://jestjs.io/docs/code-transformation
gacp-backend:test: 
gacp-backend:test:     Details:
gacp-backend:test: 
gacp-backend:test:     C:\Users\usEr\Documents\GitHub\Botanical-Audit-Framework\node_modules\.pnpm\uuid@13.0.0\node_modules\uuid\dist-node\index.js:1
gacp-backend:test:     ({"Object.<anonymous>":function(module,exports,require,__dirname,__filename,jest){export { default as MAX } from './max.js';
gacp-backend:test:                                                                                       ^^^^^^
gacp-backend:test: 
gacp-backend:test:     SyntaxError: Unexpected token 'export'
gacp-backend:test: 
gacp-backend:test:     [0m [90m 15 |[39m
gacp-backend:test:      [90m 16 |[39m [36mconst[39m { [33mEventEmitter[39m } [33m=[39m require([32m'events'[39m)[33m;[39m
gacp-backend:test:     [31m[1m>[22m[39m[90m 17 |[39m [36mconst[39m { v4[33m:[39m uuidv4 } [33m=[39m require([32m'uuid'[39m)[33m;[39m
gacp-backend:test:      [90m    |[39m                        [31m[1m^[22m[39m
gacp-backend:test:      [90m 18 |[39m
gacp-backend:test:      [90m 19 |[39m [90m// Define workflow states with Thai names for clarity[39m
gacp-backend:test:      [90m 20 |[39m [36mconst[39m [33mWORKFLOW_STATES[39m [33m=[39m {[0m
gacp-backend:test: 
gacp-backend:test:       at Runtime.createScriptFromCode (../../node_modules/jest-runtime/build/index.js:1505:14)
gacp-backend:test:       at Object.require (modules/application-workflow/domain/gacp-workflow-engine.js:17:24)
gacp-backend:test:       at Object.require (src/core/App.js:16:5)
gacp-backend:test:       at Object.require (src/core/Server.js:12:13)
gacp-backend:test:       at Object.require (atlas-server.js:11:16)
gacp-backend:test:       at Object.require (modules/auth-farmer/__tests__/e2e/auth-full.integration.test.js:34:11)
gacp-backend:test: 
gacp-backend:test:   โ— Auth Farmer E2E Integration Tests โ€บ Password Reset Flow โ€บ should not reveal if email does not exist (security)
gacp-backend:test: 
gacp-backend:test:     Jest encountered an unexpected token
gacp-backend:test: 
gacp-backend:test:     Jest failed to parse a file. This happens e.g. when your code or its dependencies use non-standard JavaScript syntax, or when Jest is not configured to support such syntax.
gacp-backend:test: 
gacp-backend:test:     Out of the box Jest supports Babel, which will be used to transform your files into valid JS based on your Babel configuration.
gacp-backend:test: 
gacp-backend:test:     By default "node_modules" folder is ignored by transformers.
gacp-backend:test: 
gacp-backend:test:     Here's what you can do:
gacp-backend:test:      โ€ข If you are trying to use ECMAScript Modules, see https://jestjs.io/docs/ecmascript-modules for how to enable it.
gacp-backend:test:      โ€ข If you are trying to use TypeScript, see https://jestjs.io/docs/getting-started#using-typescript
gacp-backend:test:      โ€ข To have some of your "node_modules" files transformed, you can specify a custom "transformIgnorePatterns" in your config.
gacp-backend:test:      โ€ข If you need a custom transformation specify a "transform" option in your config.
gacp-backend:test:      โ€ข If you simply want to mock your non-JS modules (e.g. binary assets) you can stub them out with the "moduleNameMapper" config option.
gacp-backend:test: 
gacp-backend:test:     You'll find more details and examples of these config options in the docs:
gacp-backend:test:     https://jestjs.io/docs/configuration
gacp-backend:test:     For information about custom transformations, see:
gacp-backend:test:     https://jestjs.io/docs/code-transformation
gacp-backend:test: 
gacp-backend:test:     Details:
gacp-backend:test: 
gacp-backend:test:     C:\Users\usEr\Documents\GitHub\Botanical-Audit-Framework\node_modules\.pnpm\uuid@13.0.0\node_modules\uuid\dist-node\index.js:1
gacp-backend:test:     ({"Object.<anonymous>":function(module,exports,require,__dirname,__filename,jest){export { default as MAX } from './max.js';
gacp-backend:test:                                                                                       ^^^^^^
gacp-backend:test: 
gacp-backend:test:     SyntaxError: Unexpected token 'export'
gacp-backend:test: 
gacp-backend:test:     [0m [90m 15 |[39m
gacp-backend:test:      [90m 16 |[39m [36mconst[39m { [33mEventEmitter[39m } [33m=[39m require([32m'events'[39m)[33m;[39m
gacp-backend:test:     [31m[1m>[22m[39m[90m 17 |[39m [36mconst[39m { v4[33m:[39m uuidv4 } [33m=[39m require([32m'uuid'[39m)[33m;[39m
gacp-backend:test:      [90m    |[39m                        [31m[1m^[22m[39m
gacp-backend:test:      [90m 18 |[39m
gacp-backend:test:      [90m 19 |[39m [90m// Define workflow states with Thai names for clarity[39m
gacp-backend:test:      [90m 20 |[39m [36mconst[39m [33mWORKFLOW_STATES[39m [33m=[39m {[0m
gacp-backend:test: 
gacp-backend:test:       at Runtime.createScriptFromCode (../../node_modules/jest-runtime/build/index.js:1505:14)
gacp-backend:test:       at Object.require (modules/application-workflow/domain/gacp-workflow-engine.js:17:24)
gacp-backend:test:       at Object.require (src/core/App.js:16:5)
gacp-backend:test:       at Object.require (src/core/Server.js:12:13)
gacp-backend:test:       at Object.require (atlas-server.js:11:16)
gacp-backend:test:       at Object.require (modules/auth-farmer/__tests__/e2e/auth-full.integration.test.js:34:11)
gacp-backend:test: 
gacp-backend:test: [32minfo[39m: Loaded MongoDB config from app-config.json {"service":"mongodb","timestamp":"2025-11-29T18:43:26.175Z"}
gacp-backend:test: [32minfo[39m: Overriding MongoDB URI from test environment {"service":"mongodb","timestamp":"2025-11-29T18:43:26.177Z"}
gacp-backend:test: [32minfo[39m: MongoDB manager initialized with URI: mongodb+srv://gacp-premierprime:******@thai-gacp.re1651p.mongodb.net/gacp-platform?retryWrites=true&w=majority&appName=thai-gacp {"service":"mongodb","timestamp":"2025-11-29T18:43:26.178Z"}
gacp-backend:test:   console.warn
gacp-backend:test:     [jest-setup] Optional module load skipped (./services/redis-service): not found
gacp-backend:test: 
gacp-backend:test:     [0m [90m 13 |[39m   } [36mcatch[39m (error) {
gacp-backend:test:      [90m 14 |[39m   [36mconst[39m message [33m=[39m error [33m&&[39m error[33m.[39mcode [33m===[39m [32m'MODULE_NOT_FOUND'[39m [33m?[39m [32m'not found'[39m [33m:[39m error[33m.[39mmessage[33m;[39m
gacp-backend:test:     [31m[1m>[22m[39m[90m 15 |[39m   console[33m.[39mwarn([32m`[jest-setup] Optional module load skipped (${modulePath}): ${message}`[39m)[33m;[39m
gacp-backend:test:      [90m    |[39m           [31m[1m^[22m[39m
gacp-backend:test:      [90m 16 |[39m     [36mreturn[39m [36mnull[39m[33m;[39m
gacp-backend:test:      [90m 17 |[39m   }
gacp-backend:test:      [90m 18 |[39m }[0m
gacp-backend:test: 
gacp-backend:test:       at warn (jest.setup.js:15:11)
gacp-backend:test:       at Object.safeRequire (jest.setup.js:43:22)
gacp-backend:test: 
gacp-backend:test: [32minfo[39m: MongoDB runtime configuration updated: mongodb+srv://gacp-premierprime:******@thai-gacp.re1651p.mongodb.net/gacp-platform?retryWrites=true&w=majority&appName=thai-gacp {"service":"mongodb","timestamp":"2025-11-29T18:43:26.181Z"}
gacp-backend:test:   console.warn
gacp-backend:test:     โ ๏ธ  FARMER_JWT_SECRET appears to be an unsafe default (short/placeholder value)
gacp-backend:test: 
gacp-backend:test:     [0m [90m 161 |[39m     [90m// เธ–เนเธฒเน€เธเนเธ unsafe default[39m
gacp-backend:test:      [90m 162 |[39m     [36mif[39m (isDevelopment) {
gacp-backend:test:     [31m[1m>[22m[39m[90m 163 |[39m       console[33m.[39mwarn(
gacp-backend:test:      [90m     |[39m               [31m[1m^[22m[39m
gacp-backend:test:      [90m 164 |[39m         [32m`โ ๏ธ  ${publicSecretSource} appears to be an unsafe default (short/placeholder value)`[39m
gacp-backend:test:      [90m 165 |[39m       )[33m;[39m
gacp-backend:test:      [90m 166 |[39m       console[33m.[39mwarn([32m'   Consider generating a secure secret even for development\n'[39m)[33m;[39m[0m
gacp-backend:test: 
gacp-backend:test:       at Object.warn [as loadJWTConfiguration] (../../config/jwt-security.js:163:15)
gacp-backend:test:       at loadJWTConfiguration (middleware/auth-middleware.js:28:28)
gacp-backend:test:       at Object.loadConfigSafely (middleware/auth-middleware.js:48:1)
gacp-backend:test:       at Object.require (modules/auth-farmer/presentation/routes/auth.routes.js:10:24)
gacp-backend:test:       at Object.require (modules/auth-farmer/container.js:37:26)
gacp-backend:test:       at Object.require (modules/auth-farmer/__tests__/integration/auth.integration.test.js:10:32)
gacp-backend:test: 
gacp-backend:test:   console.warn
gacp-backend:test:        Consider generating a secure secret even for development
gacp-backend:test: 
gacp-backend:test:     [0m [90m 164 |[39m         [32m`โ ๏ธ  ${publicSecretSource} appears to be an unsafe default (short/placeholder value)`[39m
gacp-backend:test:      [90m 165 |[39m       )[33m;[39m
gacp-backend:test:     [31m[1m>[22m[39m[90m 166 |[39m       console[33m.[39mwarn([32m'   Consider generating a secure secret even for development\n'[39m)[33m;[39m
gacp-backend:test:      [90m     |[39m               [31m[1m^[22m[39m
gacp-backend:test:      [90m 167 |[39m     } [36melse[39m {
gacp-backend:test:      [90m 168 |[39m       [36mthrow[39m [36mnew[39m [33mError[39m(
gacp-backend:test:      [90m 169 |[39m         [32m`๐จ SECURITY ERROR: ${publicSecretSource} contains unsafe default value\n`[39m [33m+[39m[0m
gacp-backend:test: 
gacp-backend:test:       at Object.warn [as loadJWTConfiguration] (../../config/jwt-security.js:166:15)
gacp-backend:test:       at loadJWTConfiguration (middleware/auth-middleware.js:28:28)
gacp-backend:test:       at Object.loadConfigSafely (middleware/auth-middleware.js:48:1)
gacp-backend:test:       at Object.require (modules/auth-farmer/presentation/routes/auth.routes.js:10:24)
gacp-backend:test:       at Object.require (modules/auth-farmer/container.js:37:26)
gacp-backend:test:       at Object.require (modules/auth-farmer/__tests__/integration/auth.integration.test.js:10:32)
gacp-backend:test: 
gacp-backend:test:   console.warn
gacp-backend:test:     โ ๏ธ  DTAM_JWT_SECRET appears to be an unsafe default
gacp-backend:test: 
gacp-backend:test:     [0m [90m 228 |[39m   } [36melse[39m [36mif[39m (isUnsafeDefault(dtamJwtSecret)) {
gacp-backend:test:      [90m 229 |[39m     [36mif[39m (isDevelopment) {
gacp-backend:test:     [31m[1m>[22m[39m[90m 230 |[39m       console[33m.[39mwarn([32m'โ ๏ธ  DTAM_JWT_SECRET appears to be an unsafe default'[39m)[33m;[39m
gacp-backend:test:      [90m     |[39m               [31m[1m^[22m[39m
gacp-backend:test:      [90m 231 |[39m       console[33m.[39mwarn([32m'   Consider generating a secure secret even for development\n'[39m)[33m;[39m
gacp-backend:test:      [90m 232 |[39m     } [36melse[39m {
gacp-backend:test:      [90m 233 |[39m       [36mthrow[39m [36mnew[39m [33mError[39m([0m
gacp-backend:test: 
gacp-backend:test:       at Object.warn [as loadJWTConfiguration] (../../config/jwt-security.js:230:15)
gacp-backend:test:       at loadJWTConfiguration (middleware/auth-middleware.js:28:28)
gacp-backend:test:       at Object.loadConfigSafely (middleware/auth-middleware.js:48:1)
gacp-backend:test:       at Object.require (modules/auth-farmer/presentation/routes/auth.routes.js:10:24)
gacp-backend:test:       at Object.require (modules/auth-farmer/container.js:37:26)
gacp-backend:test:       at Object.require (modules/auth-farmer/__tests__/integration/auth.integration.test.js:10:32)
gacp-backend:test: 
gacp-backend:test:   console.warn
gacp-backend:test:        Consider generating a secure secret even for development
gacp-backend:test: 
gacp-backend:test:     [0m [90m 229 |[39m     [36mif[39m (isDevelopment) {
gacp-backend:test:      [90m 230 |[39m       console[33m.[39mwarn([32m'โ ๏ธ  DTAM_JWT_SECRET appears to be an unsafe default'[39m)[33m;[39m
gacp-backend:test:     [31m[1m>[22m[39m[90m 231 |[39m       console[33m.[39mwarn([32m'   Consider generating a secure secret even for development\n'[39m)[33m;[39m
gacp-backend:test:      [90m     |[39m               [31m[1m^[22m[39m
gacp-backend:test:      [90m 232 |[39m     } [36melse[39m {
gacp-backend:test:      [90m 233 |[39m       [36mthrow[39m [36mnew[39m [33mError[39m(
gacp-backend:test:      [90m 234 |[39m         [32m'๐จ SECURITY ERROR: DTAM_JWT_SECRET contains unsafe default value\n'[39m [33m+[39m[0m
gacp-backend:test: 
gacp-backend:test:       at Object.warn [as loadJWTConfiguration] (../../config/jwt-security.js:231:15)
gacp-backend:test:       at loadJWTConfiguration (middleware/auth-middleware.js:28:28)
gacp-backend:test:       at Object.loadConfigSafely (middleware/auth-middleware.js:48:1)
gacp-backend:test:       at Object.require (modules/auth-farmer/presentation/routes/auth.routes.js:10:24)
gacp-backend:test:       at Object.require (modules/auth-farmer/container.js:37:26)
gacp-backend:test:       at Object.require (modules/auth-farmer/__tests__/integration/auth.integration.test.js:10:32)
gacp-backend:test: 
@gacp/admin-portal:test: PASS lib/__tests__/auth-context.test.tsx
gacp-backend:test: [31merror[39m: Registration error: Email already registered {"service":"auth-farmer-auth","stack":"Error: Email already registered\n    at RegisterUserUseCase.execute (C:\\Users\\usEr\\Documents\\GitHub\\Botanical-Audit-Framework\\apps\\backend\\modules\\auth-farmer\\application\\use-cases\\register-usecase.js:42:13)\n    at processTicksAndRejections (node:internal/process/task_queues:105:5)\n    at AuthController.register (C:\\Users\\usEr\\Documents\\GitHub\\Botanical-Audit-Framework\\apps\\backend\\modules\\auth-farmer\\presentation\\controllers\\auth-controller.js:41:22)","timestamp":"2025-11-29T18:43:26.859Z"}
gacp-backend:test: [31merror[39m: Login error: Please verify your email before logging in {"service":"auth-farmer-auth","stack":"Error: Please verify your email before logging in\n    at LoginUserUseCase.execute (C:\\Users\\usEr\\Documents\\GitHub\\Botanical-Audit-Framework\\apps\\backend\\modules\\auth-farmer\\application\\use-cases\\login-usecase.js:51:15)\n    at processTicksAndRejections (node:internal/process/task_queues:105:5)\n    at AuthController.login (C:\\Users\\usEr\\Documents\\GitHub\\Botanical-Audit-Framework\\apps\\backend\\modules\\auth-farmer\\presentation\\controllers\\auth-controller.js:104:22)","timestamp":"2025-11-29T18:43:26.919Z"}
gacp-backend:test: [31merror[39m: Login error: Invalid email or password {"service":"auth-farmer-auth","stack":"Error: Invalid email or password\n    at LoginUserUseCase.execute (C:\\Users\\usEr\\Documents\\GitHub\\Botanical-Audit-Framework\\apps\\backend\\modules\\auth-farmer\\application\\use-cases\\login-usecase.js:39:13)\n    at processTicksAndRejections (node:internal/process/task_queues:105:5)\n    at AuthController.login (C:\\Users\\usEr\\Documents\\GitHub\\Botanical-Audit-Framework\\apps\\backend\\modules\\auth-farmer\\presentation\\controllers\\auth-controller.js:104:22)","timestamp":"2025-11-29T18:43:26.935Z"}
gacp-backend:test: [31merror[39m: Login error: Invalid email or password {"service":"auth-farmer-auth","stack":"Error: Invalid email or password\n    at LoginUserUseCase.execute (C:\\Users\\usEr\\Documents\\GitHub\\Botanical-Audit-Framework\\apps\\backend\\modules\\auth-farmer\\application\\use-cases\\login-usecase.js:39:13)\n    at processTicksAndRejections (node:internal/process/task_queues:105:5)\n    at AuthController.login (C:\\Users\\usEr\\Documents\\GitHub\\Botanical-Audit-Framework\\apps\\backend\\modules\\auth-farmer\\presentation\\controllers\\auth-controller.js:104:22)","timestamp":"2025-11-29T18:43:26.949Z"}
gacp-backend:test: [31merror[39m: [AUTH] Farmer authentication failed: {"service":"auth-middleware","timestamp":"2025-11-29T18:43:26.971Z"}
gacp-backend:test: PASS modules/auth-farmer/__tests__/integration/auth.integration.test.js
gacp-backend:test:   Auth Farmer Integration Tests
gacp-backend:test:     POST /api/auth/farmer/register
gacp-backend:test:       โ should register a new farmer successfully (184 ms)
gacp-backend:test:       โ should reject duplicate email registration (20 ms)
gacp-backend:test:       โ should reject invalid email format (14 ms)
gacp-backend:test:       โ should reject weak password (20 ms)
gacp-backend:test:     POST /api/auth/farmer/login
gacp-backend:test:       โ should reject login for unverified user (25 ms)
gacp-backend:test:       โ should reject invalid credentials (15 ms)
gacp-backend:test:       โ should reject non-existent user (14 ms)
gacp-backend:test:     GET /api/auth/farmer/profile
gacp-backend:test:       โ should reject unauthorized access (8 ms)
gacp-backend:test:       โ should reject invalid token (17 ms)
gacp-backend:test:     POST /api/auth/farmer/request-password-reset
gacp-backend:test:       โ should accept password reset request for existing email (40 ms)
gacp-backend:test:       โ should accept request for non-existent email (security) (14 ms)
gacp-backend:test: 
@gacp/admin-portal:test: PASS components/common/__tests__/LoadingSpinner.test.tsx
@gacp/admin-portal:test: PASS components/dashboard/__tests__/StatisticsCard.test.tsx
@gacp/admin-portal:test: PASS components/dashboard/__tests__/PieChart.test.tsx
@gacp/admin-portal:test: PASS lib/__tests__/protected-route.test.tsx
@gacp/admin-portal:test: PASS components/dashboard/__tests__/LineChart.test.tsx
gacp-backend:test: [32minfo[39m: Loaded MongoDB config from app-config.json {"service":"mongodb","timestamp":"2025-11-29T18:43:27.570Z"}
gacp-backend:test: [32minfo[39m: Overriding MongoDB URI from test environment {"service":"mongodb","timestamp":"2025-11-29T18:43:27.572Z"}
gacp-backend:test: [32minfo[39m: MongoDB manager initialized with URI: mongodb+srv://gacp-premierprime:******@thai-gacp.re1651p.mongodb.net/gacp-platform?retryWrites=true&w=majority&appName=thai-gacp {"service":"mongodb","timestamp":"2025-11-29T18:43:27.573Z"}
gacp-backend:test:   console.warn
gacp-backend:test:     [jest-setup] Optional module load skipped (./services/redis-service): not found
gacp-backend:test: 
gacp-backend:test:     [0m [90m 13 |[39m   } [36mcatch[39m (error) {
gacp-backend:test:      [90m 14 |[39m   [36mconst[39m message [33m=[39m error [33m&&[39m error[33m.[39mcode [33m===[39m [32m'MODULE_NOT_FOUND'[39m [33m?[39m [32m'not found'[39m [33m:[39m error[33m.[39mmessage[33m;[39m
gacp-backend:test:     [31m[1m>[22m[39m[90m 15 |[39m   console[33m.[39mwarn([32m`[jest-setup] Optional module load skipped (${modulePath}): ${message}`[39m)[33m;[39m
gacp-backend:test:      [90m    |[39m           [31m[1m^[22m[39m
gacp-backend:test:      [90m 16 |[39m     [36mreturn[39m [36mnull[39m[33m;[39m
gacp-backend:test:      [90m 17 |[39m   }
gacp-backend:test:      [90m 18 |[39m }[0m
gacp-backend:test: 
gacp-backend:test:       at warn (jest.setup.js:15:11)
gacp-backend:test:       at Object.safeRequire (jest.setup.js:43:22)
gacp-backend:test: 
gacp-backend:test: [32minfo[39m: MongoDB runtime configuration updated: mongodb+srv://gacp-premierprime:******@thai-gacp.re1651p.mongodb.net/gacp-platform?retryWrites=true&w=majority&appName=thai-gacp {"service":"mongodb","timestamp":"2025-11-29T18:43:27.575Z"}
@gacp/admin-portal:test: PASS components/dashboard/__tests__/ActivitySummary.test.tsx
@gacp/admin-portal:test: PASS components/layout/__tests__/AdminSidebar.test.tsx
@gacp/admin-portal:test: PASS components/layout/__tests__/AdminHeader.test.tsx
gacp-backend:test: PASS modules/auth-farmer/__tests__/domain/User.test.js
gacp-backend:test:   User Domain Entity
gacp-backend:test:     Constructor and Creation
gacp-backend:test:       โ should create a user with valid data (1 ms)
gacp-backend:test:       โ should set default values for optional fields (1 ms)
gacp-backend:test:     getFullName()
gacp-backend:test:       โ should return formatted full name (1 ms)
gacp-backend:test:       โ should handle single-word names
gacp-backend:test:     isActive()
gacp-backend:test:       โ should return true for ACTIVE status (1 ms)
gacp-backend:test:       โ should return false for PENDING_VERIFICATION status (1 ms)
gacp-backend:test:       โ should return false for SUSPENDED status (1 ms)
gacp-backend:test:     isAccountLocked()
gacp-backend:test:       โ should return false when accountLockedUntil is null
gacp-backend:test:       โ should return true when locked until future date (1 ms)
gacp-backend:test:       โ should return false when lock has expired
gacp-backend:test:     verifyEmail()
gacp-backend:test:       โ should set isEmailVerified to true (1 ms)
gacp-backend:test:       โ should change status from PENDING_VERIFICATION to ACTIVE when using activate() (1 ms)
gacp-backend:test:       โ should not change status if already ACTIVE (1 ms)
gacp-backend:test:     recordSuccessfulLogin()
gacp-backend:test:       โ should reset failed login attempts (1 ms)
gacp-backend:test:       โ should update lastLoginAt timestamp (1 ms)
gacp-backend:test:       โ should clear account lock
gacp-backend:test:     recordFailedLogin()
gacp-backend:test:       โ should increment failed login attempts (1 ms)
gacp-backend:test:       โ should lock account after max attempts (1 ms)
gacp-backend:test:       โ should not lock account if below max attempts
gacp-backend:test:       โ should use default max attempts of 5
gacp-backend:test:     lock()
gacp-backend:test:       โ should lock account for specified duration (1 ms)
gacp-backend:test:       โ should use default duration of 30 minutes (1 ms)
gacp-backend:test:     unlock()
gacp-backend:test:       โ should clear account lock
gacp-backend:test:       โ should reset failed login attempts (1 ms)
gacp-backend:test:     activate()
gacp-backend:test:       โ should change status to ACTIVE
gacp-backend:test:     suspend()
gacp-backend:test:       โ should change status to SUSPENDED (1 ms)
gacp-backend:test:       โ should store suspension reason
gacp-backend:test:     validate()
gacp-backend:test:       โ should return empty array for valid user (1 ms)
gacp-backend:test:       โ should return error for missing email (1 ms)
gacp-backend:test:       โ should return error for missing password (1 ms)
gacp-backend:test:       โ should return error for missing firstName
gacp-backend:test:       โ should return error for missing lastName (1 ms)
gacp-backend:test:       โ should return multiple errors for multiple missing fields
gacp-backend:test:     toJSON()
gacp-backend:test:       โ should exclude password from JSON output (1 ms)
gacp-backend:test:       โ should include all non-sensitive fields (1 ms)
gacp-backend:test:     toPublicProfile()
gacp-backend:test:       โ should exclude sensitive fields (1 ms)
gacp-backend:test:       โ should include only public fields
gacp-backend:test: 
gacp-backend:test: [32minfo[39m: Loaded MongoDB config from app-config.json {"service":"mongodb","timestamp":"2025-11-29T18:43:27.991Z"}
gacp-backend:test: [32minfo[39m: Overriding MongoDB URI from test environment {"service":"mongodb","timestamp":"2025-11-29T18:43:27.992Z"}
gacp-backend:test: [32minfo[39m: MongoDB manager initialized with URI: mongodb+srv://gacp-premierprime:******@thai-gacp.re1651p.mongodb.net/gacp-platform?retryWrites=true&w=majority&appName=thai-gacp {"service":"mongodb","timestamp":"2025-11-29T18:43:27.992Z"}
gacp-backend:test:   console.warn
gacp-backend:test:     [jest-setup] Optional module load skipped (./services/redis-service): not found
gacp-backend:test: 
gacp-backend:test:     [0m [90m 13 |[39m   } [36mcatch[39m (error) {
gacp-backend:test:      [90m 14 |[39m   [36mconst[39m message [33m=[39m error [33m&&[39m error[33m.[39mcode [33m===[39m [32m'MODULE_NOT_FOUND'[39m [33m?[39m [32m'not found'[39m [33m:[39m error[33m.[39mmessage[33m;[39m
gacp-backend:test:     [31m[1m>[22m[39m[90m 15 |[39m   console[33m.[39mwarn([32m`[jest-setup] Optional module load skipped (${modulePath}): ${message}`[39m)[33m;[39m
gacp-backend:test:      [90m    |[39m           [31m[1m^[22m[39m
gacp-backend:test:      [90m 16 |[39m     [36mreturn[39m [36mnull[39m[33m;[39m
gacp-backend:test:      [90m 17 |[39m   }
gacp-backend:test:      [90m 18 |[39m }[0m
gacp-backend:test: 
gacp-backend:test:       at warn (jest.setup.js:15:11)
gacp-backend:test:       at Object.safeRequire (jest.setup.js:43:22)
gacp-backend:test: 
gacp-backend:test: [32minfo[39m: MongoDB runtime configuration updated: mongodb+srv://gacp-premierprime:******@thai-gacp.re1651p.mongodb.net/gacp-platform?retryWrites=true&w=majority&appName=thai-gacp {"service":"mongodb","timestamp":"2025-11-29T18:43:27.994Z"}
gacp-backend:test: PASS modules/auth-farmer/__tests__/application/register.test.js
gacp-backend:test:   RegisterUserUseCase
gacp-backend:test:     Happy Path
gacp-backend:test:       โ should register a new user successfully (2 ms)
gacp-backend:test:       โ should hash the password before saving (1 ms)
gacp-backend:test:       โ should generate email verification token (1 ms)
gacp-backend:test:       โ should publish UserRegistered event (1 ms)
gacp-backend:test:     Error Cases
gacp-backend:test:       โ should throw error if email already exists (4 ms)
gacp-backend:test:       โ should throw error if ID card already exists (1 ms)
gacp-backend:test:       โ should throw error for invalid email format (2 ms)
gacp-backend:test:       โ should throw error for weak password (1 ms)
gacp-backend:test:       โ should throw error for missing required fields (1 ms)
gacp-backend:test:       โ should throw error if user validation fails (1 ms)
gacp-backend:test:     Repository Error Handling
gacp-backend:test:       โ should propagate repository errors (1 ms)
gacp-backend:test:       โ should propagate save errors
gacp-backend:test:     Password Hasher Error Handling
gacp-backend:test:       โ should propagate password hashing errors
gacp-backend:test:     Integration with Value Objects
gacp-backend:test:       โ should use Email value object for validation (1 ms)
gacp-backend:test:       โ should use Password value object for validation (1 ms)
gacp-backend:test: 
gacp-backend:test: Test Suites: 1 failed, 3 passed, 4 total
gacp-backend:test: Tests:       12 failed, 63 passed, 75 total
gacp-backend:test: Snapshots:   0 total
gacp-backend:test: Time:        4.809 s, estimated 5 s
gacp-backend:test: Ran all test suites.
gacp-backend:test: [32minfo[39m: Loaded MongoDB config from app-config.json {"service":"mongodb","timestamp":"2025-11-29T18:43:28.557Z"}
gacp-backend:test: [32minfo[39m: Overriding MongoDB URI from test environment {"service":"mongodb","timestamp":"2025-11-29T18:43:28.558Z"}
gacp-backend:test: [32minfo[39m: MongoDB manager initialized with URI: mongodb+srv://gacp-premierprime:******@thai-gacp.re1651p.mongodb.net/gacp-platform?retryWrites=true&w=majority&appName=thai-gacp {"service":"mongodb","timestamp":"2025-11-29T18:43:28.559Z"}
gacp-backend:test: โ€ELIFECYCLEโ€ Test failed. See above for more details.
gacp-backend:test: 
ERROR: command 
finished with error: 
command (C:\Users\usEr
\Documents\GitHub\Bota
nical-Audit-Framework\
apps\backend) C:\Users
\usEr\AppData\Roaming\
npm\pnpm.cmd run test 
exited (1)
gacp-backend#test: 
command (C:\Users\usEr
\Documents\GitHub\Bota
nical-Audit-Framework\
apps\backend) C:\Users
\usEr\AppData\Roaming\
npm\pnpm.cmd run test 
exited (1)

 Tasks:    2 successful, 4 total
Cached:    2 cached, 4 total
  Time:    6.753s 
Failed:    gacp-backend#test

 ERROR  run failed: 
command  exited (1)
